[<[TypeProviderEditorHideMethods()]>]
class HtmlProvider : FDR.BaseTypes.HtmlDocument
    new : () -> HtmlProvider
    HtmlDocument.Create(false, FSharpAsync.RunSynchronously((IO.asyncReadTextAtRuntimeWithDesignTimeRules @"<RESOLUTION_FOLDER>" "" "HTML" "" "imdb_chart.htm")))

    static member AsyncGetSample: () -> HtmlProvider async
    let f = new Func<_,_>(fun (t:TextReader) -> HtmlDocument.Create(false, t))
    TextRuntime.AsyncMap((IO.asyncReadTextAtRuntimeWithDesignTimeRules @"<RESOLUTION_FOLDER>" "" "HTML" "" "imdb_chart.htm"), f)

    static member AsyncLoad: uri:string -> HtmlProvider async
    let f = new Func<_,_>(fun (t:TextReader) -> HtmlDocument.Create(false, t))
    TextRuntime.AsyncMap((IO.asyncReadTextAtRuntime false @"<RESOLUTION_FOLDER>" "" "HTML" "" uri), f)

    static member GetSample: () -> HtmlProvider
    HtmlDocument.Create(false, FSharpAsync.RunSynchronously((IO.asyncReadTextAtRuntimeWithDesignTimeRules @"<RESOLUTION_FOLDER>" "" "HTML" "" "imdb_chart.htm")))

    member Lists: HtmlProvider+ListsContainer with get
    this

    static member Load: stream:System.IO.Stream -> HtmlProvider
    HtmlDocument.Create(false, ((new StreamReader(stream)) :> TextReader))

    static member Load: reader:System.IO.TextReader -> HtmlProvider
    HtmlDocument.Create(false, reader)

    static member Load: uri:string -> HtmlProvider
    HtmlDocument.Create(false, FSharpAsync.RunSynchronously((IO.asyncReadTextAtRuntime false @"<RESOLUTION_FOLDER>" "" "HTML" "" uri)))

    static member Parse: text:string -> HtmlProvider
    HtmlDocument.Create(false, ((new StringReader(text)) :> TextReader))

    member Tables: HtmlProvider+TablesContainer with get
    this


[<[TypeProviderEditorHideMethods()]>]
class HtmlProvider+ListsContainer : FDR.BaseTypes.HtmlDocument
    member Consumer_main_nav: HtmlProvider+ConsumerMainNav with get
    let rowConverter = new Func<_,_>(fun (row:string) -> 
                                        let value = TextConversions.AsString(row)
                                        TextRuntime.GetNonOptionalValue("", TextRuntime.ConvertString(value), value))
    HtmlList<_>.Create(rowConverter, this, "consumer_main_nav")

    member ``Top 250``: HtmlProvider+Top250 with get
    let rowConverter = new Func<_,_>(fun (row:string) -> 
                                        let value = TextConversions.AsString(row)
                                        TextRuntime.GetNonOptionalValue("", TextRuntime.ConvertString(value), value))
    HtmlList<_>.Create(rowConverter, this, "Top 250")


[<[TypeProviderEditorHideMethods()]>]
class HtmlProvider+TablesContainer : FDR.BaseTypes.HtmlDocument
    member ``Take The Quiz!``: HtmlProvider+TakeTheQuiz with get
    let rowConverter = new Func<_,_>(fun (row:string[]) -> 
                                        let value = TextConversions.AsString(row.[0])
                                        TextRuntime.GetNonOptionalValue("Column1", TextRuntime.ConvertString(value), value),
                                        let value = TextConversions.AsString(row.[1])
                                        TextRuntime.GetNonOptionalValue("Column2", TextRuntime.ConvertString(value), value),
                                        let value = TextConversions.AsString(row.[2])
                                        TextRuntime.GetNonOptionalValue("Column3", TextRuntime.ConvertString(value), value),
                                        let value = TextConversions.AsString(row.[3])
                                        TextRuntime.GetNonOptionalValue("Column4", TextRuntime.ConvertString(value), value),
                                        let value = TextConversions.AsString(row.[4])
                                        TextRuntime.GetNonOptionalValue("Column5", TextRuntime.ConvertString(value), value),
                                        let value = TextConversions.AsString(row.[5])
                                        TextRuntime.GetNonOptionalValue("Column6", TextRuntime.ConvertString(value), value),
                                        let value = TextConversions.AsString(row.[6])
                                        TextRuntime.GetNonOptionalValue("Column7", TextRuntime.ConvertString(value), value),
                                        let value = TextConversions.AsString(row.[7])
                                        TextRuntime.GetNonOptionalValue("Column8", TextRuntime.ConvertString(value), value))
    HtmlTable<_>.Create(rowConverter, this, "Take The Quiz!", false)

    member ``Top 250``: HtmlProvider+Top250 with get
    let rowConverter = new Func<_,_>(fun (row:string[]) -> 
                                        let value = TextConversions.AsString(row.[0])
                                        TextRuntime.GetNonOptionalValue("Column1", TextRuntime.ConvertString(value), value),
                                        let value = TextConversions.AsString(row.[1])
                                        TextRuntime.GetNonOptionalValue("Rank & Title", TextRuntime.ConvertString(value), value),
                                        let value = TextConversions.AsString(row.[2])
                                        TextRuntime.GetNonOptionalValue("IMDb Rating", TextRuntime.ConvertDecimal("", value), value),
                                        let value = TextConversions.AsString(row.[3])
                                        TextRuntime.GetNonOptionalValue("Your Rating", TextRuntime.ConvertString(value), value),
                                        let value = TextConversions.AsString(row.[4])
                                        TextRuntime.GetNonOptionalValue("Column5", TextRuntime.ConvertString(value), value))
    HtmlTable<_>.Create(rowConverter, this, "Top 250", true)


[<[TypeProviderEditorHideMethods()]>]
class HtmlProvider+ConsumerMainNav : FDR.BaseTypes.HtmlList<string>

[<[TypeProviderEditorHideMethods()]>]
class HtmlProvider+TakeTheQuiz : FDR.BaseTypes.HtmlTable<HtmlProvider+TakeTheQuiz+Row>

[<[TypeProviderEditorHideMethods()]>]
class HtmlProvider+Top250 : FDR.BaseTypes.HtmlList<string>

[<[TypeProviderEditorHideMethods()]>]
class HtmlProvider+Top250 : FDR.BaseTypes.HtmlTable<HtmlProvider+Top250+Row>

[<[TypeProviderEditorHideMethods()]>]
class HtmlProvider+TakeTheQuiz+Row : string * string * string * string * string * string * string * string
    member Column1: string with get
    (let t1,_,_,_,_,_,_,_ = this in t1)

    member Column2: string with get
    (let _,t2,_,_,_,_,_,_ = this in t2)

    member Column3: string with get
    (let _,_,t3,_,_,_,_,_ = this in t3)

    member Column4: string with get
    (let _,_,_,t4,_,_,_,_ = this in t4)

    member Column5: string with get
    (let _,_,_,_,t5,_,_,_ = this in t5)

    member Column6: string with get
    (let _,_,_,_,_,t6,_,_ = this in t6)

    member Column7: string with get
    (let _,_,_,_,_,_,t7,_ = this in t7)

    member Column8: string with get
    (let _,_,_,_,_,_,_,t8 = this in t8)


[<[TypeProviderEditorHideMethods()]>]
class HtmlProvider+Top250+Row : string * string * decimal * string * string
    member Column1: string with get
    (let t1,_,_,_,_ = this in t1)

    member Column5: string with get
    (let _,_,_,_,t5 = this in t5)

    member ``IMDb Rating``: decimal with get
    (let _,_,t3,_,_ = this in t3)

    member ``Rank & Title``: string with get
    (let _,t2,_,_,_ = this in t2)

    member ``Your Rating``: string with get
    (let _,_,_,t4,_ = this in t4)


