[<[TypeProviderEditorHideMethods()]>]
class HtmlProvider : FDR.BaseTypes.HtmlDocument
    new : () -> HtmlProvider
    HtmlDocument.Create(false, FSharpAsync.RunSynchronously((IO.asyncReadTextAtRuntimeWithDesignTimeRules @"<RESOLUTION_FOLDER>" "" "HTML" "" "w3c_html_tables.html")))

    static member AsyncGetSample: () -> HtmlProvider async
    let f = new Func<_,_>(fun (t:TextReader) -> HtmlDocument.Create(false, t))
    TextRuntime.AsyncMap((IO.asyncReadTextAtRuntimeWithDesignTimeRules @"<RESOLUTION_FOLDER>" "" "HTML" "" "w3c_html_tables.html"), f)

    static member AsyncLoad: uri:string -> HtmlProvider async
    let f = new Func<_,_>(fun (t:TextReader) -> HtmlDocument.Create(false, t))
    TextRuntime.AsyncMap((IO.asyncReadTextAtRuntime false @"<RESOLUTION_FOLDER>" "" "HTML" "" uri), f)

    static member GetSample: () -> HtmlProvider
    HtmlDocument.Create(false, FSharpAsync.RunSynchronously((IO.asyncReadTextAtRuntimeWithDesignTimeRules @"<RESOLUTION_FOLDER>" "" "HTML" "" "w3c_html_tables.html")))

    member Lists: HtmlProvider+ListsContainer with get
    this

    static member Load: stream:System.IO.Stream -> HtmlProvider
    HtmlDocument.Create(false, ((new StreamReader(stream)) :> TextReader))

    static member Load: reader:System.IO.TextReader -> HtmlProvider
    HtmlDocument.Create(false, reader)

    static member Load: uri:string -> HtmlProvider
    HtmlDocument.Create(false, FSharpAsync.RunSynchronously((IO.asyncReadTextAtRuntime false @"<RESOLUTION_FOLDER>" "" "HTML" "" uri)))

    static member Parse: text:string -> HtmlProvider
    HtmlDocument.Create(false, ((new StringReader(text)) :> TextReader))

    member Tables: HtmlProvider+TablesContainer with get
    this


[<[TypeProviderEditorHideMethods()]>]
class HtmlProvider+ListsContainer : FDR.BaseTypes.HtmlDocument
    member ``Adding some more features``: HtmlProvider+AddingSomeMoreFeatures with get
    let rowConverter = new Func<_,_>(fun (row:string) -> 
                                        let value = TextConversions.AsString(row)
                                        TextRuntime.GetNonOptionalValue("", TextRuntime.ConvertString(value), value))
    HtmlList<_>.Create(rowConverter, this, "Adding some more features")

    member ``CSS to the rescue: a better looking table``: HtmlProvider+CssToTheRescueABetterLookingTable with get
    let rowConverter = new Func<_,_>(fun (row:string) -> 
                                        let value = TextConversions.AsString(row)
                                        TextRuntime.GetNonOptionalValue("", TextRuntime.ConvertString(value), value))
    HtmlList<_>.Create(rowConverter, this, "CSS to the rescue: a better looking table")

    member ``Exercise questions``: HtmlProvider+ExerciseQuestions with get
    let rowConverter = new Func<_,_>(fun (row:string) -> 
                                        let value = TextConversions.AsString(row)
                                        TextRuntime.GetNonOptionalValue("", TextRuntime.ConvertString(value), value))
    HtmlList<_>.Create(rowConverter, this, "Exercise questions")

    member ``Structuring the table further``: HtmlProvider+StructuringTheTableFurther with get
    let rowConverter = new Func<_,_>(fun (row:string) -> 
                                        let value = TextConversions.AsString(row)
                                        TextRuntime.GetNonOptionalValue("", TextRuntime.ConvertString(value), value))
    HtmlList<_>.Create(rowConverter, this, "Structuring the table further")

    member Summary: HtmlProvider+Summary with get
    let rowConverter = new Func<_,_>(fun (row:string) -> 
                                        let value = TextConversions.AsString(row)
                                        TextRuntime.GetNonOptionalValue("", TextRuntime.ConvertString(value), value))
    HtmlList<_>.Create(rowConverter, this, "Summary")

    member ``The most basic table``: HtmlProvider+TheMostBasicTable with get
    let rowConverter = new Func<_,_>(fun (row:string) -> 
                                        let value = TextConversions.AsString(row)
                                        TextRuntime.GetNonOptionalValue("", TextRuntime.ConvertString(value), value))
    HtmlList<_>.Create(rowConverter, this, "The most basic table")

    member Tools: HtmlProvider+Tools with get
    let rowConverter = new Func<_,_>(fun (row:string) -> 
                                        let value = TextConversions.AsString(row)
                                        TextRuntime.GetNonOptionalValue("", TextRuntime.ConvertString(value), value))
    HtmlList<_>.Create(rowConverter, this, "Tools")


[<[TypeProviderEditorHideMethods()]>]
class HtmlProvider+TablesContainer : FDR.BaseTypes.HtmlDocument
    member ``Adding some more features``: HtmlProvider+AddingSomeMoreFeatures with get
    let rowConverter = new Func<_,_>(fun (row:string[]) -> 
                                        let value = TextConversions.AsString(row.[0])
                                        TextRuntime.GetNonOptionalValue("Volcano Name", TextRuntime.ConvertString(value), value),
                                        let value = TextConversions.AsString(row.[1])
                                        TextRuntime.GetNonOptionalValue("Location", TextRuntime.ConvertString(value), value),
                                        let value = TextConversions.AsString(row.[2])
                                        TextRuntime.GetNonOptionalValue("Last Major Eruption", TextRuntime.ConvertString(value), value),
                                        let value = TextConversions.AsString(row.[3])
                                        TextRuntime.GetNonOptionalValue("Type of Eruption", TextRuntime.ConvertString(value), value))
    HtmlTable<_>.Create(rowConverter, this, "Adding some more features", true)

    member ``Structuring the table further``: HtmlProvider+StructuringTheTableFurther with get
    let rowConverter = new Func<_,_>(fun (row:string[]) -> 
                                        let value = TextConversions.AsString(row.[0])
                                        TextRuntime.GetNonOptionalValue("Volcano Name", TextRuntime.ConvertString(value), value),
                                        let value = TextConversions.AsString(row.[1])
                                        TextRuntime.GetNonOptionalValue("Location", TextRuntime.ConvertString(value), value),
                                        let value = TextConversions.AsString(row.[2])
                                        TextRuntime.GetNonOptionalValue("Last Major Eruption", TextRuntime.ConvertString(value), value),
                                        let value = TextConversions.AsString(row.[3])
                                        TextRuntime.GetNonOptionalValue("Type of Eruption", TextRuntime.ConvertString(value), value))
    HtmlTable<_>.Create(rowConverter, this, "Structuring the table further", true)

    member ``The most basic table``: HtmlProvider+TheMostBasicTable with get
    let rowConverter = new Func<_,_>(fun (row:string[]) -> 
                                        let value = TextConversions.AsString(row.[0])
                                        TextRuntime.GetNonOptionalValue("Column1", TextRuntime.ConvertString(value), value),
                                        let value = TextConversions.AsString(row.[1])
                                        TextRuntime.GetNonOptionalValue("Column2", TextRuntime.ConvertString(value), value),
                                        let value = TextConversions.AsString(row.[2])
                                        TextRuntime.GetNonOptionalValue("Column3", TextRuntime.ConvertString(value), value),
                                        let value = TextConversions.AsString(row.[3])
                                        TextRuntime.GetNonOptionalValue("Column4", TextRuntime.ConvertString(value), value))
    HtmlTable<_>.Create(rowConverter, this, "The most basic table", false)


[<[TypeProviderEditorHideMethods()]>]
class HtmlProvider+AddingSomeMoreFeatures : FDR.BaseTypes.HtmlList<string>

[<[TypeProviderEditorHideMethods()]>]
class HtmlProvider+AddingSomeMoreFeatures : FDR.BaseTypes.HtmlTable<HtmlProvider+AddingSomeMoreFeatures+Row>

[<[TypeProviderEditorHideMethods()]>]
class HtmlProvider+CssToTheRescueABetterLookingTable : FDR.BaseTypes.HtmlList<string>

[<[TypeProviderEditorHideMethods()]>]
class HtmlProvider+ExerciseQuestions : FDR.BaseTypes.HtmlList<string>

[<[TypeProviderEditorHideMethods()]>]
class HtmlProvider+StructuringTheTableFurther : FDR.BaseTypes.HtmlList<string>

[<[TypeProviderEditorHideMethods()]>]
class HtmlProvider+StructuringTheTableFurther : FDR.BaseTypes.HtmlTable<HtmlProvider+StructuringTheTableFurther+Row>

[<[TypeProviderEditorHideMethods()]>]
class HtmlProvider+Summary : FDR.BaseTypes.HtmlList<string>

[<[TypeProviderEditorHideMethods()]>]
class HtmlProvider+TheMostBasicTable : FDR.BaseTypes.HtmlList<string>

[<[TypeProviderEditorHideMethods()]>]
class HtmlProvider+TheMostBasicTable : FDR.BaseTypes.HtmlTable<HtmlProvider+TheMostBasicTable+Row>

[<[TypeProviderEditorHideMethods()]>]
class HtmlProvider+Tools : FDR.BaseTypes.HtmlList<string>

[<[TypeProviderEditorHideMethods()]>]
class HtmlProvider+AddingSomeMoreFeatures+Row : string * string * string * string
    member ``Last Major Eruption``: string with get
    (let _,_,t3,_ = this in t3)

    member Location: string with get
    (let _,t2,_,_ = this in t2)

    member ``Type of Eruption``: string with get
    (let _,_,_,t4 = this in t4)

    member ``Volcano Name``: string with get
    (let t1,_,_,_ = this in t1)


[<[TypeProviderEditorHideMethods()]>]
class HtmlProvider+StructuringTheTableFurther+Row : string * string * string * string
    member ``Last Major Eruption``: string with get
    (let _,_,t3,_ = this in t3)

    member Location: string with get
    (let _,t2,_,_ = this in t2)

    member ``Type of Eruption``: string with get
    (let _,_,_,t4 = this in t4)

    member ``Volcano Name``: string with get
    (let t1,_,_,_ = this in t1)


[<[TypeProviderEditorHideMethods()]>]
class HtmlProvider+TheMostBasicTable+Row : string * string * string * string
    member Column1: string with get
    (let t1,_,_,_ = this in t1)

    member Column2: string with get
    (let _,t2,_,_ = this in t2)

    member Column3: string with get
    (let _,_,t3,_ = this in t3)

    member Column4: string with get
    (let _,_,_,t4 = this in t4)


