[<[TypeProviderEditorHideMethods()]>]
class HtmlProvider : FDR.BaseTypes.HtmlDocument
    new : () -> HtmlProvider
    HtmlDocument.Create(false, FSharpAsync.RunSynchronously((IO.asyncReadTextAtRuntimeWithDesignTimeRules @"<RESOLUTION_FOLDER>" "" "HTML" "" "MarketDepth.htm")))

    static member AsyncGetSample: () -> HtmlProvider async
    let f = new Func<_,_>(fun (t:TextReader) -> HtmlDocument.Create(false, t))
    TextRuntime.AsyncMap((IO.asyncReadTextAtRuntimeWithDesignTimeRules @"<RESOLUTION_FOLDER>" "" "HTML" "" "MarketDepth.htm"), f)

    static member AsyncLoad: uri:string -> HtmlProvider async
    let f = new Func<_,_>(fun (t:TextReader) -> HtmlDocument.Create(false, t))
    TextRuntime.AsyncMap((IO.asyncReadTextAtRuntime false @"<RESOLUTION_FOLDER>" "" "HTML" "" uri), f)

    static member GetSample: () -> HtmlProvider
    HtmlDocument.Create(false, FSharpAsync.RunSynchronously((IO.asyncReadTextAtRuntimeWithDesignTimeRules @"<RESOLUTION_FOLDER>" "" "HTML" "" "MarketDepth.htm")))

    static member Load: stream:System.IO.Stream -> HtmlProvider
    HtmlDocument.Create(false, ((new StreamReader(stream)) :> TextReader))

    static member Load: reader:System.IO.TextReader -> HtmlProvider
    HtmlDocument.Create(false, reader)

    static member Load: uri:string -> HtmlProvider
    HtmlDocument.Create(false, FSharpAsync.RunSynchronously((IO.asyncReadTextAtRuntime false @"<RESOLUTION_FOLDER>" "" "HTML" "" uri)))

    static member Parse: text:string -> HtmlProvider
    HtmlDocument.Create(false, ((new StringReader(text)) :> TextReader))

    member Tables: HtmlProvider+TablesContainer with get
    this


[<[TypeProviderEditorHideMethods()]>]
class HtmlProvider+TablesContainer : FDR.BaseTypes.HtmlDocument
    member Table1: HtmlProvider+Table1 with get
    let rowConverter = new Func<_,_>(fun (row:string[]) -> 
                                        let value = TextConversions.AsString(row.[0])
                                        TextRuntime.GetNonOptionalValue("Settlement Day", TextRuntime.ConvertDateTime("", value), value),
                                        let value = TextConversions.AsString(row.[1])
                                        TextRuntime.GetNonOptionalValue("Period", TextRuntime.ConvertInteger("", value), value),
                                        let value = TextConversions.AsString(row.[2])
                                        TextRuntime.GetNonOptionalValue("IMBALNGC", TextRuntime.ConvertDecimal("", value), value),
                                        let value = TextConversions.AsString(row.[3])
                                        TextRuntime.GetNonOptionalValue("Offer Volume", TextRuntime.ConvertFloat("", "", value), value),
                                        let value = TextConversions.AsString(row.[4])
                                        TextRuntime.GetNonOptionalValue("Bid Volume", TextRuntime.ConvertFloat("", "", value), value),
                                        let value = TextConversions.AsString(row.[5])
                                        TextRuntime.GetNonOptionalValue("Accepted Offer Vol", TextRuntime.ConvertFloat("", "", value), value),
                                        let value = TextConversions.AsString(row.[6])
                                        TextRuntime.GetNonOptionalValue("Accepted Bid Vol", TextRuntime.ConvertFloat("", "", value), value),
                                        let value = TextConversions.AsString(row.[7])
                                        TextRuntime.GetNonOptionalValue("UAOV", TextRuntime.ConvertFloat("", "", value), value),
                                        let value = TextConversions.AsString(row.[8])
                                        TextRuntime.GetNonOptionalValue("UABV", TextRuntime.ConvertFloat("", "", value), value),
                                        let value = TextConversions.AsString(row.[9])
                                        TextRuntime.GetNonOptionalValue("PAOV", TextRuntime.ConvertFloat("", "", value), value),
                                        let value = TextConversions.AsString(row.[10])
                                        TextRuntime.GetNonOptionalValue("PABV", TextRuntime.ConvertFloat("", "", value), value))
    HtmlTable<_>.Create(rowConverter, this, "Table1", true)


[<[TypeProviderEditorHideMethods()]>]
class HtmlProvider+Table1 : FDR.BaseTypes.HtmlTable<HtmlProvider+Table1+Row>

[<[TypeProviderEditorHideMethods()]>]
class HtmlProvider+Table1+Row : System.DateTime * int * decimal * float * float * float * float * float * float * float * float
    member ``Accepted Bid Vol``: float with get
    (let _,_,_,_,_,_,t7,_,_,_,_ = this in t7)

    member ``Accepted Offer Vol``: float with get
    (let _,_,_,_,_,t6,_,_,_,_,_ = this in t6)

    member ``Bid Volume``: float with get
    (let _,_,_,_,t5,_,_,_,_,_,_ = this in t5)

    member IMBALNGC: decimal with get
    (let _,_,t3,_,_,_,_,_,_,_,_ = this in t3)

    member ``Offer Volume``: float with get
    (let _,_,_,t4,_,_,_,_,_,_,_ = this in t4)

    member PABV: float with get
    (let _,_,_,_,_,_,_,_,_,_,t11 = this in t11)

    member PAOV: float with get
    (let _,_,_,_,_,_,_,_,_,t10,_ = this in t10)

    member Period: int with get
    (let _,t2,_,_,_,_,_,_,_,_,_ = this in t2)

    member ``Settlement Day``: System.DateTime with get
    (let t1,_,_,_,_,_,_,_,_,_,_ = this in t1)

    member UABV: float with get
    (let _,_,_,_,_,_,_,_,t9,_,_ = this in t9)

    member UAOV: float with get
    (let _,_,_,_,_,_,_,t8,_,_,_ = this in t8)


